C:\Users\Abhishek\Documents\BE\7th sem\IOT\Project\iri\src\test\java\com\iota\iri\controllers\BundleViewModelTest.java
C:\Users\Abhishek\Documents\BE\7th sem\IOT\Project\iri\src\test\java\com\iota\iri\storage\TangleTest.java
C:\Users\Abhishek\Documents\BE\7th sem\IOT\Project\iri\src\test\java\com\iota\iri\model\HashTest.java
C:\Users\Abhishek\Documents\BE\7th sem\IOT\Project\iri\src\test\java\com\iota\iri\controllers\TipsViewModelTest.java
C:\Users\Abhishek\Documents\BE\7th sem\IOT\Project\iri\src\test\java\com\iota\iri\service\TipsManagerTest.java
C:\Users\Abhishek\Documents\BE\7th sem\IOT\Project\iri\src\test\java\com\iota\iri\BundleValidatorTest.java
C:\Users\Abhishek\Documents\BE\7th sem\IOT\Project\iri\src\test\java\com\iota\iri\utils\ConverterTest.java
C:\Users\Abhishek\Documents\BE\7th sem\IOT\Project\iri\src\test\java\com\iota\iri\controllers\TagViewModelTest.java
C:\Users\Abhishek\Documents\BE\7th sem\IOT\Project\iri\src\test\java\com\iota\iri\controllers\TransactionRequesterTest.java
C:\Users\Abhishek\Documents\BE\7th sem\IOT\Project\iri\src\test\java\com\iota\iri\IXITest.java
C:\Users\Abhishek\Documents\BE\7th sem\IOT\Project\iri\src\test\java\com\iota\iri\NodeIntegrationTests.java
C:\Users\Abhishek\Documents\BE\7th sem\IOT\Project\iri\src\test\java\com\iota\iri\hash\KerlTest.java
C:\Users\Abhishek\Documents\BE\7th sem\IOT\Project\iri\src\test\java\com\iota\iri\conf\ConfigurationTest.java
C:\Users\Abhishek\Documents\BE\7th sem\IOT\Project\iri\src\test\java\com\iota\iri\controllers\TransactionViewModelTest.java
C:\Users\Abhishek\Documents\BE\7th sem\IOT\Project\iri\src\test\java\com\iota\iri\hash\ISSTest.java
C:\Users\Abhishek\Documents\BE\7th sem\IOT\Project\iri\src\test\java\com\iota\iri\controllers\MilestoneViewModelTest.java
C:\Users\Abhishek\Documents\BE\7th sem\IOT\Project\iri\src\test\java\com\iota\iri\hash\CurlTest.java
C:\Users\Abhishek\Documents\BE\7th sem\IOT\Project\iri\src\test\java\com\iota\iri\SnapshotTest.java
C:\Users\Abhishek\Documents\BE\7th sem\IOT\Project\iri\src\test\java\com\iota\iri\storage\rocksDB\RocksDBPersistenceProviderTest.java
C:\Users\Abhishek\Documents\BE\7th sem\IOT\Project\iri\src\test\java\com\iota\iri\utils\TestSerializer.java
C:\Users\Abhishek\Documents\BE\7th sem\IOT\Project\iri\src\test\java\com\iota\iri\APIIntegrationTests.java
C:\Users\Abhishek\Documents\BE\7th sem\IOT\Project\iri\src\test\java\com\iota\iri\hash\PearlDiverTest.java
C:\Users\Abhishek\Documents\BE\7th sem\IOT\Project\iri\src\test\java\com\iota\iri\TransactionValidatorTest.java
