C:\Users\Abhishek\Documents\BE\7th sem\IOT\Project\iri\src\main\java\com\iota\iri\network\UDPReceiver.java
C:\Users\Abhishek\Documents\BE\7th sem\IOT\Project\iri\src\main\java\com\iota\iri\service\dto\GetTrytesResponse.java
C:\Users\Abhishek\Documents\BE\7th sem\IOT\Project\iri\src\main\java\com\iota\iri\network\TransactionRequester.java
C:\Users\Abhishek\Documents\BE\7th sem\IOT\Project\iri\src\main\java\com\iota\iri\model\Tag.java
C:\Users\Abhishek\Documents\BE\7th sem\IOT\Project\iri\src\main\java\com\iota\iri\network\replicator\ReplicatorSourceProcessor.java
C:\Users\Abhishek\Documents\BE\7th sem\IOT\Project\iri\src\main\java\com\iota\iri\service\dto\GetBalancesResponse.java
C:\Users\Abhishek\Documents\BE\7th sem\IOT\Project\iri\src\main\java\com\iota\iri\storage\Tangle.java
C:\Users\Abhishek\Documents\BE\7th sem\IOT\Project\iri\src\main\java\com\iota\iri\storage\PersistenceProvider.java
C:\Users\Abhishek\Documents\BE\7th sem\IOT\Project\iri\src\main\java\com\iota\iri\hash\Kerl.java
C:\Users\Abhishek\Documents\BE\7th sem\IOT\Project\iri\src\main\java\com\iota\iri\service\CallableRequest.java
C:\Users\Abhishek\Documents\BE\7th sem\IOT\Project\iri\src\main\java\com\iota\iri\network\replicator\ReplicatorSinkPool.java
C:\Users\Abhishek\Documents\BE\7th sem\IOT\Project\iri\src\main\java\com\iota\iri\service\dto\GetNeighborsResponse.java
C:\Users\Abhishek\Documents\BE\7th sem\IOT\Project\iri\src\main\java\com\iota\iri\model\Approvee.java
C:\Users\Abhishek\Documents\BE\7th sem\IOT\Project\iri\src\main\java\com\iota\iri\Iota.java
C:\Users\Abhishek\Documents\BE\7th sem\IOT\Project\iri\src\main\java\com\iota\iri\service\dto\AccessLimitedResponse.java
C:\Users\Abhishek\Documents\BE\7th sem\IOT\Project\iri\src\main\java\com\iota\iri\storage\FileExportProvider.java
C:\Users\Abhishek\Documents\BE\7th sem\IOT\Project\iri\src\main\java\com\iota\iri\service\dto\GetInclusionStatesResponse.java
C:\Users\Abhishek\Documents\BE\7th sem\IOT\Project\iri\src\main\java\com\iota\iri\hash\PearlDiver.java
C:\Users\Abhishek\Documents\BE\7th sem\IOT\Project\iri\src\main\java\com\iota\iri\controllers\AddressViewModel.java
C:\Users\Abhishek\Documents\BE\7th sem\IOT\Project\iri\src\main\java\com\iota\iri\controllers\HashesViewModel.java
C:\Users\Abhishek\Documents\BE\7th sem\IOT\Project\iri\src\main\java\com\iota\iri\service\dto\AddedNeighborsResponse.java
C:\Users\Abhishek\Documents\BE\7th sem\IOT\Project\iri\src\main\java\com\iota\iri\controllers\MilestoneViewModel.java
C:\Users\Abhishek\Documents\BE\7th sem\IOT\Project\iri\src\main\java\com\iota\iri\storage\ZmqPublishProvider.java
C:\Users\Abhishek\Documents\BE\7th sem\IOT\Project\iri\src\main\java\com\iota\iri\model\Hashes.java
C:\Users\Abhishek\Documents\BE\7th sem\IOT\Project\iri\src\main\java\com\iota\iri\BundleValidator.java
C:\Users\Abhishek\Documents\BE\7th sem\IOT\Project\iri\src\main\java\com\iota\iri\hash\ISS.java
C:\Users\Abhishek\Documents\BE\7th sem\IOT\Project\iri\src\main\java\com\iota\iri\model\Bundle.java
C:\Users\Abhishek\Documents\BE\7th sem\IOT\Project\iri\src\main\java\com\iota\iri\hash\Curl.java
C:\Users\Abhishek\Documents\BE\7th sem\IOT\Project\iri\src\main\java\com\iota\iri\utils\MapIdentityManager.java
C:\Users\Abhishek\Documents\BE\7th sem\IOT\Project\iri\src\main\java\com\iota\iri\hash\SpongeFactory.java
C:\Users\Abhishek\Documents\BE\7th sem\IOT\Project\iri\src\main\java\com\iota\iri\model\Hash.java
C:\Users\Abhishek\Documents\BE\7th sem\IOT\Project\iri\src\main\java\com\iota\iri\controllers\ApproveeViewModel.java
C:\Users\Abhishek\Documents\BE\7th sem\IOT\Project\iri\src\main\java\com\iota\iri\OsVariants.java
C:\Users\Abhishek\Documents\BE\7th sem\IOT\Project\iri\src\main\java\com\iota\iri\controllers\TransactionViewModel.java
C:\Users\Abhishek\Documents\BE\7th sem\IOT\Project\iri\src\main\java\com\iota\iri\utils\Serializer.java
C:\Users\Abhishek\Documents\BE\7th sem\IOT\Project\iri\src\main\java\com\iota\iri\network\Node.java
C:\Users\Abhishek\Documents\BE\7th sem\IOT\Project\iri\src\main\java\com\iota\iri\utils\Converter.java
C:\Users\Abhishek\Documents\BE\7th sem\IOT\Project\iri\src\main\java\com\iota\iri\model\Milestone.java
C:\Users\Abhishek\Documents\BE\7th sem\IOT\Project\iri\src\main\java\com\iota\iri\model\Transaction.java
C:\Users\Abhishek\Documents\BE\7th sem\IOT\Project\iri\src\main\java\com\iota\iri\model\IntegerIndex.java
C:\Users\Abhishek\Documents\BE\7th sem\IOT\Project\iri\src\main\java\com\iota\iri\service\TipsManager.java
C:\Users\Abhishek\Documents\BE\7th sem\IOT\Project\iri\src\main\java\com\iota\iri\service\dto\GetNodeInfoResponse.java
C:\Users\Abhishek\Documents\BE\7th sem\IOT\Project\iri\src\main\java\com\iota\iri\service\dto\FindTransactionsResponse.java
C:\Users\Abhishek\Documents\BE\7th sem\IOT\Project\iri\src\main\java\com\iota\iri\utils\Pair.java
C:\Users\Abhishek\Documents\BE\7th sem\IOT\Project\iri\src\main\java\com\iota\iri\service\dto\AttachToTangleResponse.java
C:\Users\Abhishek\Documents\BE\7th sem\IOT\Project\iri\src\main\java\com\iota\iri\controllers\TagViewModel.java
C:\Users\Abhishek\Documents\BE\7th sem\IOT\Project\iri\src\main\java\com\iota\iri\zmq\MessageQ.java
C:\Users\Abhishek\Documents\BE\7th sem\IOT\Project\iri\src\main\java\com\iota\iri\IRI.java
C:\Users\Abhishek\Documents\BE\7th sem\IOT\Project\iri\src\main\java\com\iota\iri\storage\Indexable.java
C:\Users\Abhishek\Documents\BE\7th sem\IOT\Project\iri\src\main\java\com\iota\iri\hash\Sponge.java
C:\Users\Abhishek\Documents\BE\7th sem\IOT\Project\iri\src\main\java\com\iota\iri\IxiEvent.java
C:\Users\Abhishek\Documents\BE\7th sem\IOT\Project\iri\src\main\java\com\iota\iri\model\StateDiff.java
C:\Users\Abhishek\Documents\BE\7th sem\IOT\Project\iri\src\main\java\com\iota\iri\service\dto\ErrorResponse.java
C:\Users\Abhishek\Documents\BE\7th sem\IOT\Project\iri\src\main\java\com\iota\iri\service\dto\ExceptionResponse.java
C:\Users\Abhishek\Documents\BE\7th sem\IOT\Project\iri\src\main\java\com\iota\iri\service\API.java
C:\Users\Abhishek\Documents\BE\7th sem\IOT\Project\iri\src\main\java\com\iota\iri\service\dto\RemoveNeighborsResponse.java
C:\Users\Abhishek\Documents\BE\7th sem\IOT\Project\iri\src\main\java\com\iota\iri\network\replicator\Replicator.java
C:\Users\Abhishek\Documents\BE\7th sem\IOT\Project\iri\src\main\java\com\iota\iri\service\dto\IXIResponse.java
C:\Users\Abhishek\Documents\BE\7th sem\IOT\Project\iri\src\main\java\com\iota\iri\TransactionValidator.java
C:\Users\Abhishek\Documents\BE\7th sem\IOT\Project\iri\src\main\java\com\iota\iri\network\replicator\ReplicatorSourcePool.java
C:\Users\Abhishek\Documents\BE\7th sem\IOT\Project\iri\src\main\java\com\iota\iri\IXI.java
C:\Users\Abhishek\Documents\BE\7th sem\IOT\Project\iri\src\main\java\com\iota\iri\utils\SlackBotFeed.java
C:\Users\Abhishek\Documents\BE\7th sem\IOT\Project\iri\src\main\java\com\iota\iri\controllers\BundleViewModel.java
C:\Users\Abhishek\Documents\BE\7th sem\IOT\Project\iri\src\main\java\com\iota\iri\service\dto\AbstractResponse.java
C:\Users\Abhishek\Documents\BE\7th sem\IOT\Project\iri\src\main\java\com\iota\iri\service\dto\GetTransactionsToApproveResponse.java
C:\Users\Abhishek\Documents\BE\7th sem\IOT\Project\iri\src\main\java\com\iota\iri\model\Address.java
C:\Users\Abhishek\Documents\BE\7th sem\IOT\Project\iri\src\main\java\com\iota\iri\network\UDPNeighbor.java
C:\Users\Abhishek\Documents\BE\7th sem\IOT\Project\iri\src\main\java\com\iota\iri\controllers\StateDiffViewModel.java
C:\Users\Abhishek\Documents\BE\7th sem\IOT\Project\iri\src\main\java\com\iota\iri\service\dto\GetTipsResponse.java
C:\Users\Abhishek\Documents\BE\7th sem\IOT\Project\iri\src\main\java\com\iota\iri\conf\Configuration.java
C:\Users\Abhishek\Documents\BE\7th sem\IOT\Project\iri\src\main\java\com\iota\iri\LedgerValidator.java
C:\Users\Abhishek\Documents\BE\7th sem\IOT\Project\iri\src\main\java\com\iota\iri\network\replicator\ReplicatorSinkProcessor.java
C:\Users\Abhishek\Documents\BE\7th sem\IOT\Project\iri\src\main\java\com\iota\iri\controllers\TipsViewModel.java
C:\Users\Abhishek\Documents\BE\7th sem\IOT\Project\iri\src\main\java\com\iota\iri\Milestone.java
C:\Users\Abhishek\Documents\BE\7th sem\IOT\Project\iri\src\main\java\com\iota\iri\network\Neighbor.java
C:\Users\Abhishek\Documents\BE\7th sem\IOT\Project\iri\src\main\java\com\iota\iri\storage\Persistable.java
C:\Users\Abhishek\Documents\BE\7th sem\IOT\Project\iri\src\main\java\com\iota\iri\network\TCPNeighbor.java
C:\Users\Abhishek\Documents\BE\7th sem\IOT\Project\iri\src\main\java\com\iota\iri\storage\rocksDB\RocksDBPersistenceProvider.java
C:\Users\Abhishek\Documents\BE\7th sem\IOT\Project\iri\src\main\java\com\iota\iri\Snapshot.java
